\BOOKMARK [1][-]{section.1}{\376\377\000国\000際\000競\000争\000環\000境\000の\000根\000本\000的\000変\000化}{}% 1
\BOOKMARK [2][-]{subsection.1.1}{\376\377\000M\000i\000c\000r\000o\000s\000o\000f\000t\000戦\000略\000が\000示\000す\000新\000潮\000流}{section.1}% 2
\BOOKMARK [2][-]{subsection.1.2}{\376\377\000具\000体\000的\000な\000変\000化}{section.1}% 3
\BOOKMARK [1][-]{section.2}{\376\377\000ア\000ジ\000ア\000原\000子\000力\000A\000I\000市\000場\000の\000爆\000発\000的\000成\000長\000：\000先\000行\000者\000利\000益\000確\000保\000の\000最\000後\000の\000機\000会}{}% 4
\BOOKMARK [2][-]{subsection.2.1}{\376\377\000な\000ぜ\000ア\000ジ\000ア\000市\000場\000が\000重\000要\000な\000の\000か}{section.2}% 5
\BOOKMARK [2][-]{subsection.2.2}{\376\377\000各\000国\000の\000導\000入\000計\000画\000が\000示\000す\000チ\000ャ\000ン\000ス}{section.2}% 6
\BOOKMARK [2][-]{subsection.2.3}{\376\377\000日\000本\000が\000逃\000し\000て\000は\000な\000ら\000な\000い\000理\000由}{section.2}% 7
\BOOKMARK [1][-]{section.3}{\376\377\000日\000本\000の\000危\000機\000的\000現\000実\000：\000原\000子\000力\000A\000I\000競\000争\000で\000「\000一\000周\000遅\000れ\000」\000か\000ら\000の\000巻\000き\000返\000し\000戦\000略}{}% 8
\BOOKMARK [2][-]{subsection.3.1}{\376\377\000厳\000し\000い\000現\000実\000認\000識}{section.3}% 9
\BOOKMARK [2][-]{subsection.3.2}{\376\377\000一\000周\000遅\000れ\000の\000具\000体\000的\000証\000拠}{section.3}% 10
\BOOKMARK [2][-]{subsection.3.3}{\376\377\000し\000か\000し\000、\000逆\000転\000可\000能\000な\000決\000定\000的\000優\000位\000性\000も\000存\000在}{section.3}% 11
\BOOKMARK [1][-]{section.4}{\376\377\000新\000規\000原\000子\000力\000発\000電\000所\000建\000設\000で\000の\000A\000I\000活\000用\000：\000海\000外\000成\000功\000事\000例\000の\000日\000本\000展\000開}{}% 12
\BOOKMARK [2][-]{subsection.4.1}{\376\377\000A\000I\000認\000可\000文\000書\000作\000成\000シ\000ス\000テ\000ム\000：\000規\000制\000対\000応\000の\000革\000命\000的\000効\000率\000化}{section.4}% 13
\BOOKMARK [2][-]{subsection.4.2}{\376\377\000運\000転\000段\000階\000で\000の\000A\000I\000統\000合\000：\000世\000界\000最\000高\000効\000率\000の\000実\000現}{section.4}% 14
\BOOKMARK [2][-]{subsection.4.3}{\376\377\000S\000M\000R\000・\000次\000世\000代\000炉\000開\000発\000で\000の\000A\000I\000先\000行\000活\000用}{section.4}% 15
\BOOKMARK [2][-]{subsection.4.4}{\376\377\000核\000燃\000料\000サ\000イ\000ク\000ル\000・\000放\000射\000性\000廃\000棄\000物\000管\000理\000で\000の\000A\000I\000革\000命}{section.4}% 16
\BOOKMARK [1][-]{section.5}{\376\377\000日\000本\000マ\000イ\000ク\000ロ\000ソ\000フ\000ト\000を\000戦\000略\000パ\000ー\000ト\000ナ\000ー\000と\000す\000る\000理\000由}{}% 17
\BOOKMARK [1][-]{section.6}{\376\377\000今\000す\000ぐ\000実\000行\000す\000べ\000き\000戦\000略\000的\000ア\000ク\000シ\000ョ\000ン\000：\000現\000実\000的\000実\000行\000計\000画}{}% 18
\BOOKMARK [2][-]{subsection.6.1}{\376\377\000P\000h\000a\000s\000e\000\040\0001\000:\000\040\000政\000策\000基\000盤\000確\000立\000（\0003\000ヶ\000月\000以\000内\000）}{section.6}% 19
\BOOKMARK [2][-]{subsection.6.2}{\376\377\000P\000h\000a\000s\000e\000\040\0002\000:\000\040\000パ\000ー\000ト\000ナ\000ー\000シ\000ッ\000プ\000構\000築\000（\0006\000ヶ\000月\000以\000内\000）}{section.6}% 20
\BOOKMARK [2][-]{subsection.6.3}{\376\377\000P\000h\000a\000s\000e\000\040\0003\000:\000\040\000実\000証\000実\000験\000開\000始\000（\0001\0002\000ヶ\000月\000以\000内\000）}{section.6}% 21
\BOOKMARK [2][-]{subsection.6.4}{\376\377\000P\000h\000a\000s\000e\000\040\0004\000:\000\040\000本\000格\000開\000発\000（\0002\0004\000ヶ\000月\000以\000内\000）}{section.6}% 22
\BOOKMARK [2][-]{subsection.6.5}{\376\377\000P\000h\000a\000s\000e\000\040\0005\000:\000\040\000商\000用\000化\000・\000国\000際\000展\000開\000（\0003\0006\000ヶ\000月\000以\000内\000）}{section.6}% 23
\BOOKMARK [1][-]{section.7}{\376\377\0002\0000\0003\0000\000年\000ま\000で\000の\000成\000果\000目\000標\000と\000そ\000の\000実\000現\000可\000能\000性}{}% 24
\BOOKMARK [1][-]{section.8}{\376\377\000M\000i\000c\000r\000o\000s\000o\000f\000t\000連\000携\000に\000よ\000る\000ア\000ジ\000ア\000市\000場\000制\000覇\000の\000成\000功\000方\000程\000式}{}% 25
\BOOKMARK [1][-]{section.9}{\376\377\000決\000断\000の\000緊\000急\000性\000と\000将\000来\000へ\000の\000責\000任\000：\000ア\000ジ\000ア\000市\000場\000で\000の\000機\000会\000は\000今\000だ\000け}{}% 26
